2026-09-27T18:45:22.031+07:00  INFO 21100 --- [mycoolapp] [restartedMain] o.s.s.p.JdbcUserDetailsManager           : No authentication manager set. Reauthentication of users when changing passwords will not be performed.
2026-09-27T18:45:22.171+07:00  WARN 21100 --- [mycoolapp] [restartedMain] JpaBaseConfiguration$JpaWebConfiguration : spring.jpa.open-in-view is enabled by default. Therefore, database queries may be performed during view rendering. Explicitly configure spring.jpa.open-in-view to disable this warning
2026-09-27T18:45:22.218+07:00  INFO 21100 --- [mycoolapp] [restartedMain] r$InitializeUserDetailsManagerConfigurer : Global AuthenticationManager configured with UserDetailsService bean with name users
2026-09-27T18:45:22.279+07:00 DEBUG 21100 --- [mycoolapp] [restartedMain] o.s.s.web.DefaultSecurityFilterChain     : Will secure any request with filters: DisableEncodeUrlFilter, WebAsyncManagerIntegrationFilter, SecurityContextHolderFilter, HeaderWriterFilter, LogoutFilter, UsernamePasswordAuthenticationFilter, BasicAuthenticationFilter, RequestCacheAwareFilter, SecurityContextHolderAwareRequestFilter, AnonymousAuthenticationFilter, ExceptionTranslationFilter, AuthorizationFilter
2026-09-27T18:45:22.514+07:00  WARN 21100 --- [mycoolapp] [restartedMain] o.s.core.events.SpringDocAppInitializer  : SpringDoc /my-api-docs endpoint is enabled by default. To disable it in production, set the property 'springdoc.api-docs.enabled=false'
2026-09-27T18:45:22.514+07:00  WARN 21100 --- [mycoolapp] [restartedMain] o.s.core.events.SpringDocAppInitializer  : SpringDoc /my-ui.html endpoint is enabled by default. To disable it in production, set the property 'springdoc.swagger-ui.enabled=false'
2026-09-27T18:46:06.784+07:00  INFO 21100 --- [mycoolapp] [restartedMain] o.s.s.p.JdbcUserDetailsManager           : No authentication manager set. Reauthentication of users when changing passwords will not be performed.
2026-09-27T18:46:06.924+07:00  WARN 21100 --- [mycoolapp] [restartedMain] JpaBaseConfiguration$JpaWebConfiguration : spring.jpa.open-in-view is enabled by default. Therefore, database queries may be performed during view rendering. Explicitly configure spring.jpa.open-in-view to disable this warning
2026-09-27T18:46:06.959+07:00  INFO 21100 --- [mycoolapp] [restartedMain] r$InitializeUserDetailsManagerConfigurer : Global AuthenticationManager configured with UserDetailsService bean with name users
2026-09-27T18:46:07.027+07:00 DEBUG 21100 --- [mycoolapp] [restartedMain] o.s.s.web.DefaultSecurityFilterChain     : Will secure any request with filters: DisableEncodeUrlFilter, WebAsyncManagerIntegrationFilter, SecurityContextHolderFilter, HeaderWriterFilter, LogoutFilter, UsernamePasswordAuthenticationFilter, BasicAuthenticationFilter, RequestCacheAwareFilter, SecurityContextHolderAwareRequestFilter, AnonymousAuthenticationFilter, ExceptionTranslationFilter, AuthorizationFilter
2026-09-27T18:46:07.328+07:00  WARN 21100 --- [mycoolapp] [restartedMain] o.s.core.events.SpringDocAppInitializer  : SpringDoc /my-api-docs endpoint is enabled by default. To disable it in production, set the property 'springdoc.api-docs.enabled=false'
2026-09-27T18:46:07.328+07:00  WARN 21100 --- [mycoolapp] [restartedMain] o.s.core.events.SpringDocAppInitializer  : SpringDoc /my-ui.html endpoint is enabled by default. To disable it in production, set the property 'springdoc.swagger-ui.enabled=false'
2026-09-27T18:49:25.850+07:00  INFO 21100 --- [mycoolapp] [restartedMain] o.s.s.p.JdbcUserDetailsManager           : No authentication manager set. Reauthentication of users when changing passwords will not be performed.
2026-09-27T18:49:25.995+07:00  WARN 21100 --- [mycoolapp] [restartedMain] JpaBaseConfiguration$JpaWebConfiguration : spring.jpa.open-in-view is enabled by default. Therefore, database queries may be performed during view rendering. Explicitly configure spring.jpa.open-in-view to disable this warning
2026-09-27T18:49:26.034+07:00  INFO 21100 --- [mycoolapp] [restartedMain] r$InitializeUserDetailsManagerConfigurer : Global AuthenticationManager configured with UserDetailsService bean with name users
2026-09-27T18:49:26.103+07:00 DEBUG 21100 --- [mycoolapp] [restartedMain] o.s.s.web.DefaultSecurityFilterChain     : Will secure any request with filters: DisableEncodeUrlFilter, WebAsyncManagerIntegrationFilter, SecurityContextHolderFilter, HeaderWriterFilter, LogoutFilter, UsernamePasswordAuthenticationFilter, BasicAuthenticationFilter, RequestCacheAwareFilter, SecurityContextHolderAwareRequestFilter, AnonymousAuthenticationFilter, ExceptionTranslationFilter, AuthorizationFilter
2026-09-27T18:49:26.345+07:00  WARN 21100 --- [mycoolapp] [restartedMain] o.s.core.events.SpringDocAppInitializer  : SpringDoc /my-api-docs endpoint is enabled by default. To disable it in production, set the property 'springdoc.api-docs.enabled=false'
2026-09-27T18:49:26.345+07:00  WARN 21100 --- [mycoolapp] [restartedMain] o.s.core.events.SpringDocAppInitializer  : SpringDoc /my-ui.html endpoint is enabled by default. To disable it in production, set the property 'springdoc.swagger-ui.enabled=false'
2026-09-27T18:53:15.035+07:00 DEBUG 21100 --- [mycoolapp] [http-nio-8484-exec-2] o.s.security.web.FilterChainProxy        : Securing GET /employees/add-employee
2026-09-27T18:53:15.036+07:00 DEBUG 21100 --- [mycoolapp] [http-nio-8484-exec-2] w.c.HttpSessionSecurityContextRepository : Retrieved SecurityContextImpl [Authentication=UsernamePasswordAuthenticationToken [Principal=org.springframework.security.core.userdetails.User [Username=icad, Password=[PROTECTED], Enabled=true, AccountNonExpired=true, CredentialsNonExpired=true, AccountNonLocked=true, Granted Authorities=[ROLE_MANAGER]], Credentials=[PROTECTED], Authenticated=true, Details=WebAuthenticationDetails [RemoteIpAddress=0:0:0:0:0:0:0:1, SessionId=C7D25F313BD1A5B2C9E7D3D34BCB4B1D], Granted Authorities=[ROLE_MANAGER, FactorGrantedAuthority [authority=FACTOR_PASSWORD, issuedAt=2026-09-27T11:39:06.258248100Z]]]]
2026-09-27T18:53:15.037+07:00 DEBUG 21100 --- [mycoolapp] [http-nio-8484-exec-2] o.s.security.web.FilterChainProxy        : Secured GET /employees/add-employee
2026-09-27T18:53:15.296+07:00 DEBUG 21100 --- [mycoolapp] [http-nio-8484-exec-5] o.s.security.web.FilterChainProxy        : Securing GET /favicon.ico
2026-09-27T18:53:15.297+07:00 DEBUG 21100 --- [mycoolapp] [http-nio-8484-exec-5] w.c.HttpSessionSecurityContextRepository : Retrieved SecurityContextImpl [Authentication=UsernamePasswordAuthenticationToken [Principal=org.springframework.security.core.userdetails.User [Username=icad, Password=[PROTECTED], Enabled=true, AccountNonExpired=true, CredentialsNonExpired=true, AccountNonLocked=true, Granted Authorities=[ROLE_MANAGER]], Credentials=[PROTECTED], Authenticated=true, Details=WebAuthenticationDetails [RemoteIpAddress=0:0:0:0:0:0:0:1, SessionId=C7D25F313BD1A5B2C9E7D3D34BCB4B1D], Granted Authorities=[ROLE_MANAGER, FactorGrantedAuthority [authority=FACTOR_PASSWORD, issuedAt=2026-09-27T11:39:06.258248100Z]]]]
2026-09-27T18:53:15.297+07:00 DEBUG 21100 --- [mycoolapp] [http-nio-8484-exec-5] o.s.security.web.FilterChainProxy        : Secured GET /favicon.ico
2026-09-27T18:53:15.307+07:00  WARN 21100 --- [mycoolapp] [http-nio-8484-exec-5] .m.m.a.ExceptionHandlerExceptionResolver : Resolved [org.springframework.web.servlet.resource.NoResourceFoundException: No static resource favicon.ico for request '/favicon.ico'.]
2026-09-27T18:53:31.522+07:00 DEBUG 21100 --- [mycoolapp] [http-nio-8484-exec-3] o.s.security.web.FilterChainProxy        : Securing POST /employees/new-employee
2026-09-27T18:53:31.523+07:00 DEBUG 21100 --- [mycoolapp] [http-nio-8484-exec-3] w.c.HttpSessionSecurityContextRepository : Retrieved SecurityContextImpl [Authentication=UsernamePasswordAuthenticationToken [Principal=org.springframework.security.core.userdetails.User [Username=icad, Password=[PROTECTED], Enabled=true, AccountNonExpired=true, CredentialsNonExpired=true, AccountNonLocked=true, Granted Authorities=[ROLE_MANAGER]], Credentials=[PROTECTED], Authenticated=true, Details=WebAuthenticationDetails [RemoteIpAddress=0:0:0:0:0:0:0:1, SessionId=C7D25F313BD1A5B2C9E7D3D34BCB4B1D], Granted Authorities=[ROLE_MANAGER, FactorGrantedAuthority [authority=FACTOR_PASSWORD, issuedAt=2026-09-27T11:39:06.258248100Z]]]]
2026-09-27T18:53:31.524+07:00 DEBUG 21100 --- [mycoolapp] [http-nio-8484-exec-3] o.s.security.web.FilterChainProxy        : Secured POST /employees/new-employee
2026-09-27T18:53:31.537+07:00 DEBUG 21100 --- [mycoolapp] [http-nio-8484-exec-3] org.hibernate.SQL                        : insert into employee (country,email,first_name,gender,last_name) values (?,?,?,?,?)
2026-09-27T18:53:31.538+07:00 TRACE 21100 --- [mycoolapp] [http-nio-8484-exec-3] org.hibernate.orm.jdbc.bind              : binding parameter (1:VARCHAR) <- [England]
2026-09-27T18:53:31.538+07:00 TRACE 21100 --- [mycoolapp] [http-nio-8484-exec-3] org.hibernate.orm.jdbc.bind              : binding parameter (2:VARCHAR) <- [thorodinson@gmail.com]
2026-09-27T18:53:31.538+07:00 TRACE 21100 --- [mycoolapp] [http-nio-8484-exec-3] org.hibernate.orm.jdbc.bind              : binding parameter (3:VARCHAR) <- [Thor]
2026-09-27T18:53:31.539+07:00 TRACE 21100 --- [mycoolapp] [http-nio-8484-exec-3] org.hibernate.orm.jdbc.bind              : binding parameter (4:VARCHAR) <- [Male]
2026-09-27T18:53:31.539+07:00 TRACE 21100 --- [mycoolapp] [http-nio-8484-exec-3] org.hibernate.orm.jdbc.bind              : binding parameter (5:VARCHAR) <- [Odinson]
2026-09-27T18:53:31.542+07:00 DEBUG 21100 --- [mycoolapp] [http-nio-8484-exec-3] org.hibernate.SQL                        : insert into employee_hobby (employee_id,hobby) values (?,?)
2026-09-27T18:53:31.542+07:00 TRACE 21100 --- [mycoolapp] [http-nio-8484-exec-3] org.hibernate.orm.jdbc.bind              : binding parameter (1:INTEGER) <- [61]
2026-09-27T18:53:31.542+07:00 TRACE 21100 --- [mycoolapp] [http-nio-8484-exec-3] org.hibernate.orm.jdbc.bind              : binding parameter (2:VARCHAR) <- [Reading]
2026-09-27T18:53:31.543+07:00 DEBUG 21100 --- [mycoolapp] [http-nio-8484-exec-3] org.hibernate.SQL                        : insert into employee_hobby (employee_id,hobby) values (?,?)
2026-09-27T18:53:31.543+07:00 TRACE 21100 --- [mycoolapp] [http-nio-8484-exec-3] org.hibernate.orm.jdbc.bind              : binding parameter (1:INTEGER) <- [61]
2026-09-27T18:53:31.543+07:00 TRACE 21100 --- [mycoolapp] [http-nio-8484-exec-3] org.hibernate.orm.jdbc.bind              : binding parameter (2:VARCHAR) <- [Hiking]
2026-09-27T18:53:31.554+07:00 DEBUG 21100 --- [mycoolapp] [http-nio-8484-exec-4] o.s.security.web.FilterChainProxy        : Securing GET /employees/list
2026-09-27T18:53:31.563+07:00 DEBUG 21100 --- [mycoolapp] [http-nio-8484-exec-4] w.c.HttpSessionSecurityContextRepository : Retrieved SecurityContextImpl [Authentication=UsernamePasswordAuthenticationToken [Principal=org.springframework.security.core.userdetails.User [Username=icad, Password=[PROTECTED], Enabled=true, AccountNonExpired=true, CredentialsNonExpired=true, AccountNonLocked=true, Granted Authorities=[ROLE_MANAGER]], Credentials=[PROTECTED], Authenticated=true, Details=WebAuthenticationDetails [RemoteIpAddress=0:0:0:0:0:0:0:1, SessionId=C7D25F313BD1A5B2C9E7D3D34BCB4B1D], Granted Authorities=[ROLE_MANAGER, FactorGrantedAuthority [authority=FACTOR_PASSWORD, issuedAt=2026-09-27T11:39:06.258248100Z]]]]
2026-09-27T18:53:31.563+07:00 DEBUG 21100 --- [mycoolapp] [http-nio-8484-exec-4] o.s.security.web.FilterChainProxy        : Secured GET /employees/list
2026-09-27T18:53:31.568+07:00 DEBUG 21100 --- [mycoolapp] [http-nio-8484-exec-4] org.hibernate.SQL                        : select e1_0.id,e1_0.country,e1_0.email,e1_0.first_name,e1_0.gender,e1_0.last_name from employee e1_0
2026-09-27T18:53:31.585+07:00 DEBUG 21100 --- [mycoolapp] [http-nio-8484-exec-4] org.hibernate.SQL                        : select h1_0.employee_id,h1_0.hobby from employee_hobby h1_0 where h1_0.employee_id=?
2026-09-27T18:53:31.586+07:00 TRACE 21100 --- [mycoolapp] [http-nio-8484-exec-4] org.hibernate.orm.jdbc.bind              : binding parameter (1:INTEGER) <- [1]
2026-09-27T18:53:31.590+07:00 DEBUG 21100 --- [mycoolapp] [http-nio-8484-exec-4] org.hibernate.SQL                        : select h1_0.employee_id,h1_0.hobby from employee_hobby h1_0 where h1_0.employee_id=?
2026-09-27T18:53:31.590+07:00 TRACE 21100 --- [mycoolapp] [http-nio-8484-exec-4] org.hibernate.orm.jdbc.bind              : binding parameter (1:INTEGER) <- [2]
2026-09-27T18:53:31.594+07:00 DEBUG 21100 --- [mycoolapp] [http-nio-8484-exec-4] org.hibernate.SQL                        : select h1_0.employee_id,h1_0.hobby from employee_hobby h1_0 where h1_0.employee_id=?
2026-09-27T18:53:31.595+07:00 TRACE 21100 --- [mycoolapp] [http-nio-8484-exec-4] org.hibernate.orm.jdbc.bind              : binding parameter (1:INTEGER) <- [3]
2026-09-27T18:53:31.597+07:00 DEBUG 21100 --- [mycoolapp] [http-nio-8484-exec-4] org.hibernate.SQL                        : select h1_0.employee_id,h1_0.hobby from employee_hobby h1_0 where h1_0.employee_id=?
2026-09-27T18:53:31.597+07:00 TRACE 21100 --- [mycoolapp] [http-nio-8484-exec-4] org.hibernate.orm.jdbc.bind              : binding parameter (1:INTEGER) <- [9]
2026-09-27T18:53:31.601+07:00 DEBUG 21100 --- [mycoolapp] [http-nio-8484-exec-4] org.hibernate.SQL                        : select h1_0.employee_id,h1_0.hobby from employee_hobby h1_0 where h1_0.employee_id=?
2026-09-27T18:53:31.601+07:00 TRACE 21100 --- [mycoolapp] [http-nio-8484-exec-4] org.hibernate.orm.jdbc.bind              : binding parameter (1:INTEGER) <- [60]
2026-09-27T18:53:31.603+07:00 DEBUG 21100 --- [mycoolapp] [http-nio-8484-exec-4] org.hibernate.SQL                        : select h1_0.employee_id,h1_0.hobby from employee_hobby h1_0 where h1_0.employee_id=?
2026-09-27T18:53:31.604+07:00 TRACE 21100 --- [mycoolapp] [http-nio-8484-exec-4] org.hibernate.orm.jdbc.bind              : binding parameter (1:INTEGER) <- [61]
2026-09-27T18:53:31.725+07:00 DEBUG 21100 --- [mycoolapp] [http-nio-8484-exec-1] o.s.security.web.FilterChainProxy        : Securing GET /favicon.ico
2026-09-27T18:53:31.727+07:00 DEBUG 21100 --- [mycoolapp] [http-nio-8484-exec-1] w.c.HttpSessionSecurityContextRepository : Retrieved SecurityContextImpl [Authentication=UsernamePasswordAuthenticationToken [Principal=org.springframework.security.core.userdetails.User [Username=icad, Password=[PROTECTED], Enabled=true, AccountNonExpired=true, CredentialsNonExpired=true, AccountNonLocked=true, Granted Authorities=[ROLE_MANAGER]], Credentials=[PROTECTED], Authenticated=true, Details=WebAuthenticationDetails [RemoteIpAddress=0:0:0:0:0:0:0:1, SessionId=C7D25F313BD1A5B2C9E7D3D34BCB4B1D], Granted Authorities=[ROLE_MANAGER, FactorGrantedAuthority [authority=FACTOR_PASSWORD, issuedAt=2026-09-27T11:39:06.258248100Z]]]]
2026-09-27T18:53:31.727+07:00 DEBUG 21100 --- [mycoolapp] [http-nio-8484-exec-1] o.s.security.web.FilterChainProxy        : Secured GET /favicon.ico
2026-09-27T18:53:31.731+07:00  WARN 21100 --- [mycoolapp] [http-nio-8484-exec-1] .m.m.a.ExceptionHandlerExceptionResolver : Resolved [org.springframework.web.servlet.resource.NoResourceFoundException: No static resource favicon.ico for request '/favicon.ico'.]
2026-09-27T18:55:43.039+07:00 DEBUG 21100 --- [mycoolapp] [http-nio-8484-exec-7] o.s.security.web.FilterChainProxy        : Securing GET /employees/add-employee
2026-09-27T18:55:43.039+07:00 DEBUG 21100 --- [mycoolapp] [http-nio-8484-exec-7] w.c.HttpSessionSecurityContextRepository : Retrieved SecurityContextImpl [Authentication=UsernamePasswordAuthenticationToken [Principal=org.springframework.security.core.userdetails.User [Username=icad, Password=[PROTECTED], Enabled=true, AccountNonExpired=true, CredentialsNonExpired=true, AccountNonLocked=true, Granted Authorities=[ROLE_MANAGER]], Credentials=[PROTECTED], Authenticated=true, Details=WebAuthenticationDetails [RemoteIpAddress=0:0:0:0:0:0:0:1, SessionId=C7D25F313BD1A5B2C9E7D3D34BCB4B1D], Granted Authorities=[ROLE_MANAGER, FactorGrantedAuthority [authority=FACTOR_PASSWORD, issuedAt=2026-09-27T11:39:06.258248100Z]]]]
2026-09-27T18:55:43.040+07:00 DEBUG 21100 --- [mycoolapp] [http-nio-8484-exec-7] o.s.security.web.FilterChainProxy        : Secured GET /employees/add-employee
2026-09-27T18:55:43.160+07:00 DEBUG 21100 --- [mycoolapp] [http-nio-8484-exec-8] o.s.security.web.FilterChainProxy        : Securing GET /favicon.ico
2026-09-27T18:55:43.162+07:00 DEBUG 21100 --- [mycoolapp] [http-nio-8484-exec-8] w.c.HttpSessionSecurityContextRepository : Retrieved SecurityContextImpl [Authentication=UsernamePasswordAuthenticationToken [Principal=org.springframework.security.core.userdetails.User [Username=icad, Password=[PROTECTED], Enabled=true, AccountNonExpired=true, CredentialsNonExpired=true, AccountNonLocked=true, Granted Authorities=[ROLE_MANAGER]], Credentials=[PROTECTED], Authenticated=true, Details=WebAuthenticationDetails [RemoteIpAddress=0:0:0:0:0:0:0:1, SessionId=C7D25F313BD1A5B2C9E7D3D34BCB4B1D], Granted Authorities=[ROLE_MANAGER, FactorGrantedAuthority [authority=FACTOR_PASSWORD, issuedAt=2026-09-27T11:39:06.258248100Z]]]]
2026-09-27T18:55:43.162+07:00 DEBUG 21100 --- [mycoolapp] [http-nio-8484-exec-8] o.s.security.web.FilterChainProxy        : Secured GET /favicon.ico
2026-09-27T18:55:43.165+07:00  WARN 21100 --- [mycoolapp] [http-nio-8484-exec-8] .m.m.a.ExceptionHandlerExceptionResolver : Resolved [org.springframework.web.servlet.resource.NoResourceFoundException: No static resource favicon.ico for request '/favicon.ico'.]
2026-09-27T18:55:45.442+07:00  INFO 21100 --- [mycoolapp] [restartedMain] o.s.s.p.JdbcUserDetailsManager           : No authentication manager set. Reauthentication of users when changing passwords will not be performed.
2026-09-27T18:55:45.691+07:00  WARN 21100 --- [mycoolapp] [restartedMain] JpaBaseConfiguration$JpaWebConfiguration : spring.jpa.open-in-view is enabled by default. Therefore, database queries may be performed during view rendering. Explicitly configure spring.jpa.open-in-view to disable this warning
2026-09-27T18:55:45.730+07:00  INFO 21100 --- [mycoolapp] [restartedMain] r$InitializeUserDetailsManagerConfigurer : Global AuthenticationManager configured with UserDetailsService bean with name users
2026-09-27T18:55:45.791+07:00 DEBUG 21100 --- [mycoolapp] [restartedMain] o.s.s.web.DefaultSecurityFilterChain     : Will secure any request with filters: DisableEncodeUrlFilter, WebAsyncManagerIntegrationFilter, SecurityContextHolderFilter, HeaderWriterFilter, LogoutFilter, UsernamePasswordAuthenticationFilter, BasicAuthenticationFilter, RequestCacheAwareFilter, SecurityContextHolderAwareRequestFilter, AnonymousAuthenticationFilter, ExceptionTranslationFilter, AuthorizationFilter
2026-09-27T18:55:46.068+07:00  WARN 21100 --- [mycoolapp] [restartedMain] o.s.core.events.SpringDocAppInitializer  : SpringDoc /my-api-docs endpoint is enabled by default. To disable it in production, set the property 'springdoc.api-docs.enabled=false'
2026-09-27T18:55:46.068+07:00  WARN 21100 --- [mycoolapp] [restartedMain] o.s.core.events.SpringDocAppInitializer  : SpringDoc /my-ui.html endpoint is enabled by default. To disable it in production, set the property 'springdoc.swagger-ui.enabled=false'
2026-09-27T18:55:46.211+07:00 DEBUG 21100 --- [mycoolapp] [http-nio-8484-exec-1] o.s.security.web.FilterChainProxy        : Securing GET /swagger-ui/index.html
2026-09-27T18:55:46.212+07:00 DEBUG 21100 --- [mycoolapp] [http-nio-8484-exec-1] w.c.HttpSessionSecurityContextRepository : Retrieved SecurityContextImpl [Authentication=UsernamePasswordAuthenticationToken [Principal=org.springframework.security.core.userdetails.User [Username=icad, Password=[PROTECTED], Enabled=true, AccountNonExpired=true, CredentialsNonExpired=true, AccountNonLocked=true, Granted Authorities=[ROLE_MANAGER]], Credentials=[PROTECTED], Authenticated=true, Details=WebAuthenticationDetails [RemoteIpAddress=0:0:0:0:0:0:0:1, SessionId=C7D25F313BD1A5B2C9E7D3D34BCB4B1D], Granted Authorities=[ROLE_MANAGER, FactorGrantedAuthority [authority=FACTOR_PASSWORD, issuedAt=2026-09-27T11:39:06.258248100Z]]]]
2026-09-27T18:55:46.213+07:00 DEBUG 21100 --- [mycoolapp] [http-nio-8484-exec-1] o.s.security.web.FilterChainProxy        : Secured GET /swagger-ui/index.html
2026-09-27T18:55:46.270+07:00 DEBUG 21100 --- [mycoolapp] [http-nio-8484-exec-2] o.s.security.web.FilterChainProxy        : Securing GET /swagger-ui/swagger-ui.css
2026-09-27T18:55:46.271+07:00 DEBUG 21100 --- [mycoolapp] [http-nio-8484-exec-2] w.c.HttpSessionSecurityContextRepository : Retrieved SecurityContextImpl [Authentication=UsernamePasswordAuthenticationToken [Principal=org.springframework.security.core.userdetails.User [Username=icad, Password=[PROTECTED], Enabled=true, AccountNonExpired=true, CredentialsNonExpired=true, AccountNonLocked=true, Granted Authorities=[ROLE_MANAGER]], Credentials=[PROTECTED], Authenticated=true, Details=WebAuthenticationDetails [RemoteIpAddress=0:0:0:0:0:0:0:1, SessionId=C7D25F313BD1A5B2C9E7D3D34BCB4B1D], Granted Authorities=[ROLE_MANAGER, FactorGrantedAuthority [authority=FACTOR_PASSWORD, issuedAt=2026-09-27T11:39:06.258248100Z]]]]
2026-09-27T18:55:46.272+07:00 DEBUG 21100 --- [mycoolapp] [http-nio-8484-exec-2] o.s.security.web.FilterChainProxy        : Secured GET /swagger-ui/swagger-ui.css
2026-09-27T18:55:46.274+07:00 DEBUG 21100 --- [mycoolapp] [http-nio-8484-exec-3] o.s.security.web.FilterChainProxy        : Securing GET /swagger-ui/index.css
2026-09-27T18:55:46.275+07:00 DEBUG 21100 --- [mycoolapp] [http-nio-8484-exec-4] o.s.security.web.FilterChainProxy        : Securing GET /swagger-ui/swagger-ui-bundle.js
2026-09-27T18:55:46.275+07:00 DEBUG 21100 --- [mycoolapp] [http-nio-8484-exec-4] w.c.HttpSessionSecurityContextRepository : Retrieved SecurityContextImpl [Authentication=UsernamePasswordAuthenticationToken [Principal=org.springframework.security.core.userdetails.User [Username=icad, Password=[PROTECTED], Enabled=true, AccountNonExpired=true, CredentialsNonExpired=true, AccountNonLocked=true, Granted Authorities=[ROLE_MANAGER]], Credentials=[PROTECTED], Authenticated=true, Details=WebAuthenticationDetails [RemoteIpAddress=0:0:0:0:0:0:0:1, SessionId=C7D25F313BD1A5B2C9E7D3D34BCB4B1D], Granted Authorities=[ROLE_MANAGER, FactorGrantedAuthority [authority=FACTOR_PASSWORD, issuedAt=2026-09-27T11:39:06.258248100Z]]]]
2026-09-27T18:55:46.275+07:00 DEBUG 21100 --- [mycoolapp] [http-nio-8484-exec-3] w.c.HttpSessionSecurityContextRepository : Retrieved SecurityContextImpl [Authentication=UsernamePasswordAuthenticationToken [Principal=org.springframework.security.core.userdetails.User [Username=icad, Password=[PROTECTED], Enabled=true, AccountNonExpired=true, CredentialsNonExpired=true, AccountNonLocked=true, Granted Authorities=[ROLE_MANAGER]], Credentials=[PROTECTED], Authenticated=true, Details=WebAuthenticationDetails [RemoteIpAddress=0:0:0:0:0:0:0:1, SessionId=C7D25F313BD1A5B2C9E7D3D34BCB4B1D], Granted Authorities=[ROLE_MANAGER, FactorGrantedAuthority [authority=FACTOR_PASSWORD, issuedAt=2026-09-27T11:39:06.258248100Z]]]]
2026-09-27T18:55:46.276+07:00 DEBUG 21100 --- [mycoolapp] [http-nio-8484-exec-3] o.s.security.web.FilterChainProxy        : Secured GET /swagger-ui/index.css
2026-09-27T18:55:46.276+07:00 DEBUG 21100 --- [mycoolapp] [http-nio-8484-exec-4] o.s.security.web.FilterChainProxy        : Secured GET /swagger-ui/swagger-ui-bundle.js
2026-09-27T18:55:46.277+07:00 DEBUG 21100 --- [mycoolapp] [http-nio-8484-exec-5] o.s.security.web.FilterChainProxy        : Securing GET /swagger-ui/swagger-ui-standalone-preset.js
2026-09-27T18:55:46.277+07:00 DEBUG 21100 --- [mycoolapp] [http-nio-8484-exec-6] o.s.security.web.FilterChainProxy        : Securing GET /swagger-ui/swagger-initializer.js
2026-09-27T18:55:46.277+07:00 DEBUG 21100 --- [mycoolapp] [http-nio-8484-exec-5] w.c.HttpSessionSecurityContextRepository : Retrieved SecurityContextImpl [Authentication=UsernamePasswordAuthenticationToken [Principal=org.springframework.security.core.userdetails.User [Username=icad, Password=[PROTECTED], Enabled=true, AccountNonExpired=true, CredentialsNonExpired=true, AccountNonLocked=true, Granted Authorities=[ROLE_MANAGER]], Credentials=[PROTECTED], Authenticated=true, Details=WebAuthenticationDetails [RemoteIpAddress=0:0:0:0:0:0:0:1, SessionId=C7D25F313BD1A5B2C9E7D3D34BCB4B1D], Granted Authorities=[ROLE_MANAGER, FactorGrantedAuthority [authority=FACTOR_PASSWORD, issuedAt=2026-09-27T11:39:06.258248100Z]]]]
2026-09-27T18:55:46.277+07:00 DEBUG 21100 --- [mycoolapp] [http-nio-8484-exec-6] w.c.HttpSessionSecurityContextRepository : Retrieved SecurityContextImpl [Authentication=UsernamePasswordAuthenticationToken [Principal=org.springframework.security.core.userdetails.User [Username=icad, Password=[PROTECTED], Enabled=true, AccountNonExpired=true, CredentialsNonExpired=true, AccountNonLocked=true, Granted Authorities=[ROLE_MANAGER]], Credentials=[PROTECTED], Authenticated=true, Details=WebAuthenticationDetails [RemoteIpAddress=0:0:0:0:0:0:0:1, SessionId=C7D25F313BD1A5B2C9E7D3D34BCB4B1D], Granted Authorities=[ROLE_MANAGER, FactorGrantedAuthority [authority=FACTOR_PASSWORD, issuedAt=2026-09-27T11:39:06.258248100Z]]]]
2026-09-27T18:55:46.278+07:00 DEBUG 21100 --- [mycoolapp] [http-nio-8484-exec-5] o.s.security.web.FilterChainProxy        : Secured GET /swagger-ui/swagger-ui-standalone-preset.js
2026-09-27T18:55:46.278+07:00 DEBUG 21100 --- [mycoolapp] [http-nio-8484-exec-6] o.s.security.web.FilterChainProxy        : Secured GET /swagger-ui/swagger-initializer.js
2026-09-27T18:55:46.545+07:00 DEBUG 21100 --- [mycoolapp] [http-nio-8484-exec-7] o.s.security.web.FilterChainProxy        : Securing GET /my-api-docs/swagger-config
2026-09-27T18:55:46.546+07:00 DEBUG 21100 --- [mycoolapp] [http-nio-8484-exec-7] w.c.HttpSessionSecurityContextRepository : Retrieved SecurityContextImpl [Authentication=UsernamePasswordAuthenticationToken [Principal=org.springframework.security.core.userdetails.User [Username=icad, Password=[PROTECTED], Enabled=true, AccountNonExpired=true, CredentialsNonExpired=true, AccountNonLocked=true, Granted Authorities=[ROLE_MANAGER]], Credentials=[PROTECTED], Authenticated=true, Details=WebAuthenticationDetails [RemoteIpAddress=0:0:0:0:0:0:0:1, SessionId=C7D25F313BD1A5B2C9E7D3D34BCB4B1D], Granted Authorities=[ROLE_MANAGER, FactorGrantedAuthority [authority=FACTOR_PASSWORD, issuedAt=2026-09-27T11:39:06.258248100Z]]]]
2026-09-27T18:55:46.546+07:00 DEBUG 21100 --- [mycoolapp] [http-nio-8484-exec-7] o.s.security.web.FilterChainProxy        : Secured GET /my-api-docs/swagger-config
2026-09-27T18:55:46.562+07:00 DEBUG 21100 --- [mycoolapp] [http-nio-8484-exec-8] o.s.security.web.FilterChainProxy        : Securing GET /my-api-docs
2026-09-27T18:55:46.562+07:00 DEBUG 21100 --- [mycoolapp] [http-nio-8484-exec-8] w.c.HttpSessionSecurityContextRepository : Retrieved SecurityContextImpl [Authentication=UsernamePasswordAuthenticationToken [Principal=org.springframework.security.core.userdetails.User [Username=icad, Password=[PROTECTED], Enabled=true, AccountNonExpired=true, CredentialsNonExpired=true, AccountNonLocked=true, Granted Authorities=[ROLE_MANAGER]], Credentials=[PROTECTED], Authenticated=true, Details=WebAuthenticationDetails [RemoteIpAddress=0:0:0:0:0:0:0:1, SessionId=C7D25F313BD1A5B2C9E7D3D34BCB4B1D], Granted Authorities=[ROLE_MANAGER, FactorGrantedAuthority [authority=FACTOR_PASSWORD, issuedAt=2026-09-27T11:39:06.258248100Z]]]]
2026-09-27T18:55:46.562+07:00 DEBUG 21100 --- [mycoolapp] [http-nio-8484-exec-8] o.s.security.web.FilterChainProxy        : Secured GET /my-api-docs
2026-09-27T18:55:49.687+07:00 DEBUG 21100 --- [mycoolapp] [http-nio-8484-exec-9] o.s.security.web.FilterChainProxy        : Securing GET /employees/list
2026-09-27T18:55:49.688+07:00 DEBUG 21100 --- [mycoolapp] [http-nio-8484-exec-9] w.c.HttpSessionSecurityContextRepository : Retrieved SecurityContextImpl [Authentication=UsernamePasswordAuthenticationToken [Principal=org.springframework.security.core.userdetails.User [Username=icad, Password=[PROTECTED], Enabled=true, AccountNonExpired=true, CredentialsNonExpired=true, AccountNonLocked=true, Granted Authorities=[ROLE_MANAGER]], Credentials=[PROTECTED], Authenticated=true, Details=WebAuthenticationDetails [RemoteIpAddress=0:0:0:0:0:0:0:1, SessionId=C7D25F313BD1A5B2C9E7D3D34BCB4B1D], Granted Authorities=[ROLE_MANAGER, FactorGrantedAuthority [authority=FACTOR_PASSWORD, issuedAt=2026-09-27T11:39:06.258248100Z]]]]
2026-09-27T18:55:49.688+07:00 DEBUG 21100 --- [mycoolapp] [http-nio-8484-exec-9] o.s.security.web.FilterChainProxy        : Secured GET /employees/list
2026-09-27T18:55:49.692+07:00 DEBUG 21100 --- [mycoolapp] [http-nio-8484-exec-9] org.hibernate.SQL                        : select e1_0.id,e1_0.country,e1_0.email,e1_0.first_name,e1_0.gender,e1_0.last_name from employee e1_0
2026-09-27T18:55:49.721+07:00 DEBUG 21100 --- [mycoolapp] [http-nio-8484-exec-9] org.hibernate.SQL                        : select h1_0.employee_id,h1_0.hobby from employee_hobby h1_0 where h1_0.employee_id=?
2026-09-27T18:55:49.721+07:00 TRACE 21100 --- [mycoolapp] [http-nio-8484-exec-9] org.hibernate.orm.jdbc.bind              : binding parameter (1:INTEGER) <- [1]
2026-09-27T18:55:49.726+07:00 DEBUG 21100 --- [mycoolapp] [http-nio-8484-exec-9] org.hibernate.SQL                        : select h1_0.employee_id,h1_0.hobby from employee_hobby h1_0 where h1_0.employee_id=?
2026-09-27T18:55:49.726+07:00 TRACE 21100 --- [mycoolapp] [http-nio-8484-exec-9] org.hibernate.orm.jdbc.bind              : binding parameter (1:INTEGER) <- [2]
2026-09-27T18:55:49.729+07:00 DEBUG 21100 --- [mycoolapp] [http-nio-8484-exec-9] org.hibernate.SQL                        : select h1_0.employee_id,h1_0.hobby from employee_hobby h1_0 where h1_0.employee_id=?
2026-09-27T18:55:49.729+07:00 TRACE 21100 --- [mycoolapp] [http-nio-8484-exec-9] org.hibernate.orm.jdbc.bind              : binding parameter (1:INTEGER) <- [3]
2026-09-27T18:55:49.731+07:00 DEBUG 21100 --- [mycoolapp] [http-nio-8484-exec-9] org.hibernate.SQL                        : select h1_0.employee_id,h1_0.hobby from employee_hobby h1_0 where h1_0.employee_id=?
2026-09-27T18:55:49.731+07:00 TRACE 21100 --- [mycoolapp] [http-nio-8484-exec-9] org.hibernate.orm.jdbc.bind              : binding parameter (1:INTEGER) <- [9]
2026-09-27T18:55:49.733+07:00 DEBUG 21100 --- [mycoolapp] [http-nio-8484-exec-9] org.hibernate.SQL                        : select h1_0.employee_id,h1_0.hobby from employee_hobby h1_0 where h1_0.employee_id=?
2026-09-27T18:55:49.734+07:00 TRACE 21100 --- [mycoolapp] [http-nio-8484-exec-9] org.hibernate.orm.jdbc.bind              : binding parameter (1:INTEGER) <- [60]
2026-09-27T18:55:49.736+07:00 DEBUG 21100 --- [mycoolapp] [http-nio-8484-exec-9] org.hibernate.SQL                        : select h1_0.employee_id,h1_0.hobby from employee_hobby h1_0 where h1_0.employee_id=?
2026-09-27T18:55:49.736+07:00 TRACE 21100 --- [mycoolapp] [http-nio-8484-exec-9] org.hibernate.orm.jdbc.bind              : binding parameter (1:INTEGER) <- [61]
2026-09-27T18:55:49.815+07:00 DEBUG 21100 --- [mycoolapp] [http-nio-8484-exec-10] o.s.security.web.FilterChainProxy        : Securing GET /favicon.ico
2026-09-27T18:55:49.817+07:00 DEBUG 21100 --- [mycoolapp] [http-nio-8484-exec-10] w.c.HttpSessionSecurityContextRepository : Retrieved SecurityContextImpl [Authentication=UsernamePasswordAuthenticationToken [Principal=org.springframework.security.core.userdetails.User [Username=icad, Password=[PROTECTED], Enabled=true, AccountNonExpired=true, CredentialsNonExpired=true, AccountNonLocked=true, Granted Authorities=[ROLE_MANAGER]], Credentials=[PROTECTED], Authenticated=true, Details=WebAuthenticationDetails [RemoteIpAddress=0:0:0:0:0:0:0:1, SessionId=C7D25F313BD1A5B2C9E7D3D34BCB4B1D], Granted Authorities=[ROLE_MANAGER, FactorGrantedAuthority [authority=FACTOR_PASSWORD, issuedAt=2026-09-27T11:39:06.258248100Z]]]]
2026-09-27T18:55:49.817+07:00 DEBUG 21100 --- [mycoolapp] [http-nio-8484-exec-10] o.s.security.web.FilterChainProxy        : Secured GET /favicon.ico
2026-09-27T18:55:49.824+07:00  WARN 21100 --- [mycoolapp] [http-nio-8484-exec-10] .m.m.a.ExceptionHandlerExceptionResolver : Resolved [org.springframework.web.servlet.resource.NoResourceFoundException: No static resource favicon.ico for request '/favicon.ico'.]
2026-09-27T18:55:55.105+07:00 DEBUG 21100 --- [mycoolapp] [http-nio-8484-exec-1] o.s.security.web.FilterChainProxy        : Securing POST /employees/delete
2026-09-27T18:55:55.106+07:00 DEBUG 21100 --- [mycoolapp] [http-nio-8484-exec-1] w.c.HttpSessionSecurityContextRepository : Retrieved SecurityContextImpl [Authentication=UsernamePasswordAuthenticationToken [Principal=org.springframework.security.core.userdetails.User [Username=icad, Password=[PROTECTED], Enabled=true, AccountNonExpired=true, CredentialsNonExpired=true, AccountNonLocked=true, Granted Authorities=[ROLE_MANAGER]], Credentials=[PROTECTED], Authenticated=true, Details=WebAuthenticationDetails [RemoteIpAddress=0:0:0:0:0:0:0:1, SessionId=C7D25F313BD1A5B2C9E7D3D34BCB4B1D], Granted Authorities=[ROLE_MANAGER, FactorGrantedAuthority [authority=FACTOR_PASSWORD, issuedAt=2026-09-27T11:39:06.258248100Z]]]]
2026-09-27T18:55:55.106+07:00 DEBUG 21100 --- [mycoolapp] [http-nio-8484-exec-1] o.s.security.web.FilterChainProxy        : Secured POST /employees/delete
2026-09-27T18:55:55.110+07:00 DEBUG 21100 --- [mycoolapp] [http-nio-8484-exec-1] org.hibernate.SQL                        : select e1_0.id,e1_0.country,e1_0.email,e1_0.first_name,e1_0.gender,e1_0.last_name from employee e1_0 where e1_0.id=?
2026-09-27T18:55:55.110+07:00 TRACE 21100 --- [mycoolapp] [http-nio-8484-exec-1] org.hibernate.orm.jdbc.bind              : binding parameter (1:INTEGER) <- [61]
2026-09-27T18:55:55.118+07:00 DEBUG 21100 --- [mycoolapp] [http-nio-8484-exec-1] org.hibernate.SQL                        : delete from employee_hobby where employee_id=?
2026-09-27T18:55:55.118+07:00 TRACE 21100 --- [mycoolapp] [http-nio-8484-exec-1] org.hibernate.orm.jdbc.bind              : binding parameter (1:INTEGER) <- [61]
2026-09-27T18:55:55.123+07:00 DEBUG 21100 --- [mycoolapp] [http-nio-8484-exec-1] org.hibernate.SQL                        : delete from employee where id=?
2026-09-27T18:55:55.123+07:00 TRACE 21100 --- [mycoolapp] [http-nio-8484-exec-1] org.hibernate.orm.jdbc.bind              : binding parameter (1:INTEGER) <- [61]
2026-09-27T18:55:55.137+07:00 DEBUG 21100 --- [mycoolapp] [http-nio-8484-exec-2] o.s.security.web.FilterChainProxy        : Securing GET /employees/list
2026-09-27T18:55:55.138+07:00 DEBUG 21100 --- [mycoolapp] [http-nio-8484-exec-2] w.c.HttpSessionSecurityContextRepository : Retrieved SecurityContextImpl [Authentication=UsernamePasswordAuthenticationToken [Principal=org.springframework.security.core.userdetails.User [Username=icad, Password=[PROTECTED], Enabled=true, AccountNonExpired=true, CredentialsNonExpired=true, AccountNonLocked=true, Granted Authorities=[ROLE_MANAGER]], Credentials=[PROTECTED], Authenticated=true, Details=WebAuthenticationDetails [RemoteIpAddress=0:0:0:0:0:0:0:1, SessionId=C7D25F313BD1A5B2C9E7D3D34BCB4B1D], Granted Authorities=[ROLE_MANAGER, FactorGrantedAuthority [authority=FACTOR_PASSWORD, issuedAt=2026-09-27T11:39:06.258248100Z]]]]
2026-09-27T18:55:55.138+07:00 DEBUG 21100 --- [mycoolapp] [http-nio-8484-exec-2] o.s.security.web.FilterChainProxy        : Secured GET /employees/list
2026-09-27T18:55:55.140+07:00 DEBUG 21100 --- [mycoolapp] [http-nio-8484-exec-2] org.hibernate.SQL                        : select e1_0.id,e1_0.country,e1_0.email,e1_0.first_name,e1_0.gender,e1_0.last_name from employee e1_0
2026-09-27T18:55:55.148+07:00 DEBUG 21100 --- [mycoolapp] [http-nio-8484-exec-2] org.hibernate.SQL                        : select h1_0.employee_id,h1_0.hobby from employee_hobby h1_0 where h1_0.employee_id=?
2026-09-27T18:55:55.148+07:00 TRACE 21100 --- [mycoolapp] [http-nio-8484-exec-2] org.hibernate.orm.jdbc.bind              : binding parameter (1:INTEGER) <- [1]
2026-09-27T18:55:55.152+07:00 DEBUG 21100 --- [mycoolapp] [http-nio-8484-exec-2] org.hibernate.SQL                        : select h1_0.employee_id,h1_0.hobby from employee_hobby h1_0 where h1_0.employee_id=?
2026-09-27T18:55:55.152+07:00 TRACE 21100 --- [mycoolapp] [http-nio-8484-exec-2] org.hibernate.orm.jdbc.bind              : binding parameter (1:INTEGER) <- [2]
2026-09-27T18:55:55.154+07:00 DEBUG 21100 --- [mycoolapp] [http-nio-8484-exec-2] org.hibernate.SQL                        : select h1_0.employee_id,h1_0.hobby from employee_hobby h1_0 where h1_0.employee_id=?
2026-09-27T18:55:55.154+07:00 TRACE 21100 --- [mycoolapp] [http-nio-8484-exec-2] org.hibernate.orm.jdbc.bind              : binding parameter (1:INTEGER) <- [3]
2026-09-27T18:55:55.156+07:00 DEBUG 21100 --- [mycoolapp] [http-nio-8484-exec-2] org.hibernate.SQL                        : select h1_0.employee_id,h1_0.hobby from employee_hobby h1_0 where h1_0.employee_id=?
2026-09-27T18:55:55.156+07:00 TRACE 21100 --- [mycoolapp] [http-nio-8484-exec-2] org.hibernate.orm.jdbc.bind              : binding parameter (1:INTEGER) <- [9]
2026-09-27T18:55:55.158+07:00 DEBUG 21100 --- [mycoolapp] [http-nio-8484-exec-2] org.hibernate.SQL                        : select h1_0.employee_id,h1_0.hobby from employee_hobby h1_0 where h1_0.employee_id=?
2026-09-27T18:55:55.158+07:00 TRACE 21100 --- [mycoolapp] [http-nio-8484-exec-2] org.hibernate.orm.jdbc.bind              : binding parameter (1:INTEGER) <- [60]
2026-09-27T18:55:55.286+07:00 DEBUG 21100 --- [mycoolapp] [http-nio-8484-exec-3] o.s.security.web.FilterChainProxy        : Securing GET /favicon.ico
2026-09-27T18:55:55.287+07:00 DEBUG 21100 --- [mycoolapp] [http-nio-8484-exec-3] w.c.HttpSessionSecurityContextRepository : Retrieved SecurityContextImpl [Authentication=UsernamePasswordAuthenticationToken [Principal=org.springframework.security.core.userdetails.User [Username=icad, Password=[PROTECTED], Enabled=true, AccountNonExpired=true, CredentialsNonExpired=true, AccountNonLocked=true, Granted Authorities=[ROLE_MANAGER]], Credentials=[PROTECTED], Authenticated=true, Details=WebAuthenticationDetails [RemoteIpAddress=0:0:0:0:0:0:0:1, SessionId=C7D25F313BD1A5B2C9E7D3D34BCB4B1D], Granted Authorities=[ROLE_MANAGER, FactorGrantedAuthority [authority=FACTOR_PASSWORD, issuedAt=2026-09-27T11:39:06.258248100Z]]]]
2026-09-27T18:55:55.287+07:00 DEBUG 21100 --- [mycoolapp] [http-nio-8484-exec-3] o.s.security.web.FilterChainProxy        : Secured GET /favicon.ico
2026-09-27T18:55:55.290+07:00  WARN 21100 --- [mycoolapp] [http-nio-8484-exec-3] .m.m.a.ExceptionHandlerExceptionResolver : Resolved [org.springframework.web.servlet.resource.NoResourceFoundException: No static resource favicon.ico for request '/favicon.ico'.]
2026-09-27T18:55:56.358+07:00 DEBUG 21100 --- [mycoolapp] [http-nio-8484-exec-6] o.s.security.web.FilterChainProxy        : Securing GET /employees/add-employee
2026-09-27T18:55:56.359+07:00 DEBUG 21100 --- [mycoolapp] [http-nio-8484-exec-6] w.c.HttpSessionSecurityContextRepository : Retrieved SecurityContextImpl [Authentication=UsernamePasswordAuthenticationToken [Principal=org.springframework.security.core.userdetails.User [Username=icad, Password=[PROTECTED], Enabled=true, AccountNonExpired=true, CredentialsNonExpired=true, AccountNonLocked=true, Granted Authorities=[ROLE_MANAGER]], Credentials=[PROTECTED], Authenticated=true, Details=WebAuthenticationDetails [RemoteIpAddress=0:0:0:0:0:0:0:1, SessionId=C7D25F313BD1A5B2C9E7D3D34BCB4B1D], Granted Authorities=[ROLE_MANAGER, FactorGrantedAuthority [authority=FACTOR_PASSWORD, issuedAt=2026-09-27T11:39:06.258248100Z]]]]
2026-09-27T18:55:56.359+07:00 DEBUG 21100 --- [mycoolapp] [http-nio-8484-exec-6] o.s.security.web.FilterChainProxy        : Secured GET /employees/add-employee
2026-09-27T18:55:56.476+07:00 DEBUG 21100 --- [mycoolapp] [http-nio-8484-exec-5] o.s.security.web.FilterChainProxy        : Securing GET /favicon.ico
2026-09-27T18:55:56.477+07:00 DEBUG 21100 --- [mycoolapp] [http-nio-8484-exec-5] w.c.HttpSessionSecurityContextRepository : Retrieved SecurityContextImpl [Authentication=UsernamePasswordAuthenticationToken [Principal=org.springframework.security.core.userdetails.User [Username=icad, Password=[PROTECTED], Enabled=true, AccountNonExpired=true, CredentialsNonExpired=true, AccountNonLocked=true, Granted Authorities=[ROLE_MANAGER]], Credentials=[PROTECTED], Authenticated=true, Details=WebAuthenticationDetails [RemoteIpAddress=0:0:0:0:0:0:0:1, SessionId=C7D25F313BD1A5B2C9E7D3D34BCB4B1D], Granted Authorities=[ROLE_MANAGER, FactorGrantedAuthority [authority=FACTOR_PASSWORD, issuedAt=2026-09-27T11:39:06.258248100Z]]]]
2026-09-27T18:55:56.478+07:00 DEBUG 21100 --- [mycoolapp] [http-nio-8484-exec-5] o.s.security.web.FilterChainProxy        : Secured GET /favicon.ico
2026-09-27T18:55:56.481+07:00  WARN 21100 --- [mycoolapp] [http-nio-8484-exec-5] .m.m.a.ExceptionHandlerExceptionResolver : Resolved [org.springframework.web.servlet.resource.NoResourceFoundException: No static resource favicon.ico for request '/favicon.ico'.]
2026-09-27T18:56:01.342+07:00 DEBUG 21100 --- [mycoolapp] [http-nio-8484-exec-4] o.s.security.web.FilterChainProxy        : Securing POST /employees/new-employee
2026-09-27T18:56:01.342+07:00 DEBUG 21100 --- [mycoolapp] [http-nio-8484-exec-4] w.c.HttpSessionSecurityContextRepository : Retrieved SecurityContextImpl [Authentication=UsernamePasswordAuthenticationToken [Principal=org.springframework.security.core.userdetails.User [Username=icad, Password=[PROTECTED], Enabled=true, AccountNonExpired=true, CredentialsNonExpired=true, AccountNonLocked=true, Granted Authorities=[ROLE_MANAGER]], Credentials=[PROTECTED], Authenticated=true, Details=WebAuthenticationDetails [RemoteIpAddress=0:0:0:0:0:0:0:1, SessionId=C7D25F313BD1A5B2C9E7D3D34BCB4B1D], Granted Authorities=[ROLE_MANAGER, FactorGrantedAuthority [authority=FACTOR_PASSWORD, issuedAt=2026-09-27T11:39:06.258248100Z]]]]
2026-09-27T18:56:01.343+07:00 DEBUG 21100 --- [mycoolapp] [http-nio-8484-exec-4] o.s.security.web.FilterChainProxy        : Secured POST /employees/new-employee
2026-09-27T18:56:01.355+07:00 DEBUG 21100 --- [mycoolapp] [http-nio-8484-exec-4] org.hibernate.SQL                        : insert into employee (country,email,first_name,gender,last_name) values (?,?,?,?,?)
2026-09-27T18:56:01.356+07:00 TRACE 21100 --- [mycoolapp] [http-nio-8484-exec-4] org.hibernate.orm.jdbc.bind              : binding parameter (1:VARCHAR) <- [England]
2026-09-27T18:56:01.356+07:00 TRACE 21100 --- [mycoolapp] [http-nio-8484-exec-4] org.hibernate.orm.jdbc.bind              : binding parameter (2:VARCHAR) <- [thorodinson@gmail.com]
2026-09-27T18:56:01.356+07:00 TRACE 21100 --- [mycoolapp] [http-nio-8484-exec-4] org.hibernate.orm.jdbc.bind              : binding parameter (3:VARCHAR) <- [Thor]
2026-09-27T18:56:01.356+07:00 TRACE 21100 --- [mycoolapp] [http-nio-8484-exec-4] org.hibernate.orm.jdbc.bind              : binding parameter (4:VARCHAR) <- [Male]
2026-09-27T18:56:01.356+07:00 TRACE 21100 --- [mycoolapp] [http-nio-8484-exec-4] org.hibernate.orm.jdbc.bind              : binding parameter (5:VARCHAR) <- [Odinson]
2026-09-27T18:56:01.357+07:00 DEBUG 21100 --- [mycoolapp] [http-nio-8484-exec-4] org.hibernate.SQL                        : insert into employee_hobby (employee_id,hobby) values (?,?)
2026-09-27T18:56:01.358+07:00 TRACE 21100 --- [mycoolapp] [http-nio-8484-exec-4] org.hibernate.orm.jdbc.bind              : binding parameter (1:INTEGER) <- [62]
2026-09-27T18:56:01.358+07:00 TRACE 21100 --- [mycoolapp] [http-nio-8484-exec-4] org.hibernate.orm.jdbc.bind              : binding parameter (2:VARCHAR) <- [Reading]
2026-09-27T18:56:01.358+07:00 DEBUG 21100 --- [mycoolapp] [http-nio-8484-exec-4] org.hibernate.SQL                        : insert into employee_hobby (employee_id,hobby) values (?,?)
2026-09-27T18:56:01.358+07:00 TRACE 21100 --- [mycoolapp] [http-nio-8484-exec-4] org.hibernate.orm.jdbc.bind              : binding parameter (1:INTEGER) <- [62]
2026-09-27T18:56:01.358+07:00 TRACE 21100 --- [mycoolapp] [http-nio-8484-exec-4] org.hibernate.orm.jdbc.bind              : binding parameter (2:VARCHAR) <- [Music]
2026-09-27T18:56:01.366+07:00 DEBUG 21100 --- [mycoolapp] [http-nio-8484-exec-7] o.s.security.web.FilterChainProxy        : Securing GET /employees/list
2026-09-27T18:56:01.366+07:00 DEBUG 21100 --- [mycoolapp] [http-nio-8484-exec-7] w.c.HttpSessionSecurityContextRepository : Retrieved SecurityContextImpl [Authentication=UsernamePasswordAuthenticationToken [Principal=org.springframework.security.core.userdetails.User [Username=icad, Password=[PROTECTED], Enabled=true, AccountNonExpired=true, CredentialsNonExpired=true, AccountNonLocked=true, Granted Authorities=[ROLE_MANAGER]], Credentials=[PROTECTED], Authenticated=true, Details=WebAuthenticationDetails [RemoteIpAddress=0:0:0:0:0:0:0:1, SessionId=C7D25F313BD1A5B2C9E7D3D34BCB4B1D], Granted Authorities=[ROLE_MANAGER, FactorGrantedAuthority [authority=FACTOR_PASSWORD, issuedAt=2026-09-27T11:39:06.258248100Z]]]]
2026-09-27T18:56:01.367+07:00 DEBUG 21100 --- [mycoolapp] [http-nio-8484-exec-7] o.s.security.web.FilterChainProxy        : Secured GET /employees/list
2026-09-27T18:56:01.368+07:00 DEBUG 21100 --- [mycoolapp] [http-nio-8484-exec-7] org.hibernate.SQL                        : select e1_0.id,e1_0.country,e1_0.email,e1_0.first_name,e1_0.gender,e1_0.last_name from employee e1_0
2026-09-27T18:56:01.375+07:00 DEBUG 21100 --- [mycoolapp] [http-nio-8484-exec-7] org.hibernate.SQL                        : select h1_0.employee_id,h1_0.hobby from employee_hobby h1_0 where h1_0.employee_id=?
2026-09-27T18:56:01.375+07:00 TRACE 21100 --- [mycoolapp] [http-nio-8484-exec-7] org.hibernate.orm.jdbc.bind              : binding parameter (1:INTEGER) <- [1]
2026-09-27T18:56:01.378+07:00 DEBUG 21100 --- [mycoolapp] [http-nio-8484-exec-7] org.hibernate.SQL                        : select h1_0.employee_id,h1_0.hobby from employee_hobby h1_0 where h1_0.employee_id=?
2026-09-27T18:56:01.378+07:00 TRACE 21100 --- [mycoolapp] [http-nio-8484-exec-7] org.hibernate.orm.jdbc.bind              : binding parameter (1:INTEGER) <- [2]
2026-09-27T18:56:01.380+07:00 DEBUG 21100 --- [mycoolapp] [http-nio-8484-exec-7] org.hibernate.SQL                        : select h1_0.employee_id,h1_0.hobby from employee_hobby h1_0 where h1_0.employee_id=?
2026-09-27T18:56:01.380+07:00 TRACE 21100 --- [mycoolapp] [http-nio-8484-exec-7] org.hibernate.orm.jdbc.bind              : binding parameter (1:INTEGER) <- [3]
2026-09-27T18:56:01.382+07:00 DEBUG 21100 --- [mycoolapp] [http-nio-8484-exec-7] org.hibernate.SQL                        : select h1_0.employee_id,h1_0.hobby from employee_hobby h1_0 where h1_0.employee_id=?
2026-09-27T18:56:01.383+07:00 TRACE 21100 --- [mycoolapp] [http-nio-8484-exec-7] org.hibernate.orm.jdbc.bind              : binding parameter (1:INTEGER) <- [9]
2026-09-27T18:56:01.384+07:00 DEBUG 21100 --- [mycoolapp] [http-nio-8484-exec-7] org.hibernate.SQL                        : select h1_0.employee_id,h1_0.hobby from employee_hobby h1_0 where h1_0.employee_id=?
2026-09-27T18:56:01.384+07:00 TRACE 21100 --- [mycoolapp] [http-nio-8484-exec-7] org.hibernate.orm.jdbc.bind              : binding parameter (1:INTEGER) <- [60]
2026-09-27T18:56:01.385+07:00 DEBUG 21100 --- [mycoolapp] [http-nio-8484-exec-7] org.hibernate.SQL                        : select h1_0.employee_id,h1_0.hobby from employee_hobby h1_0 where h1_0.employee_id=?
2026-09-27T18:56:01.385+07:00 TRACE 21100 --- [mycoolapp] [http-nio-8484-exec-7] org.hibernate.orm.jdbc.bind              : binding parameter (1:INTEGER) <- [62]
2026-09-27T18:56:01.505+07:00 DEBUG 21100 --- [mycoolapp] [http-nio-8484-exec-8] o.s.security.web.FilterChainProxy        : Securing GET /favicon.ico
2026-09-27T18:56:01.507+07:00 DEBUG 21100 --- [mycoolapp] [http-nio-8484-exec-8] w.c.HttpSessionSecurityContextRepository : Retrieved SecurityContextImpl [Authentication=UsernamePasswordAuthenticationToken [Principal=org.springframework.security.core.userdetails.User [Username=icad, Password=[PROTECTED], Enabled=true, AccountNonExpired=true, CredentialsNonExpired=true, AccountNonLocked=true, Granted Authorities=[ROLE_MANAGER]], Credentials=[PROTECTED], Authenticated=true, Details=WebAuthenticationDetails [RemoteIpAddress=0:0:0:0:0:0:0:1, SessionId=C7D25F313BD1A5B2C9E7D3D34BCB4B1D], Granted Authorities=[ROLE_MANAGER, FactorGrantedAuthority [authority=FACTOR_PASSWORD, issuedAt=2026-09-27T11:39:06.258248100Z]]]]
2026-09-27T18:56:01.508+07:00 DEBUG 21100 --- [mycoolapp] [http-nio-8484-exec-8] o.s.security.web.FilterChainProxy        : Secured GET /favicon.ico
2026-09-27T18:56:01.512+07:00  WARN 21100 --- [mycoolapp] [http-nio-8484-exec-8] .m.m.a.ExceptionHandlerExceptionResolver : Resolved [org.springframework.web.servlet.resource.NoResourceFoundException: No static resource favicon.ico for request '/favicon.ico'.]
2026-09-27T18:58:11.251+07:00  INFO 21100 --- [mycoolapp] [restartedMain] c.m.s.d.mycoolapp.MycoolappApplication   : Starting MycoolappApplication using Java 27 with PID 21100 (C:\Project\mycoolapp\target\classes started by HP in C:\Project\mycoolapp)
2026-09-27T18:58:11.251+07:00 DEBUG 21100 --- [mycoolapp] [restartedMain] c.m.s.d.mycoolapp.MycoolappApplication   : Running with Spring Boot v4.1.1, Spring v7.0.9
2026-09-27T18:58:11.252+07:00  INFO 21100 --- [mycoolapp] [restartedMain] c.m.s.d.mycoolapp.MycoolappApplication   : No active profile set, falling back to 1 default profile: "default"
2026-09-27T18:58:11.910+07:00  INFO 21100 --- [mycoolapp] [restartedMain] o.s.s.p.JdbcUserDetailsManager           : No authentication manager set. Reauthentication of users when changing passwords will not be performed.
2026-09-27T18:58:12.030+07:00  WARN 21100 --- [mycoolapp] [restartedMain] JpaBaseConfiguration$JpaWebConfiguration : spring.jpa.open-in-view is enabled by default. Therefore, database queries may be performed during view rendering. Explicitly configure spring.jpa.open-in-view to disable this warning
2026-09-27T18:58:12.061+07:00  INFO 21100 --- [mycoolapp] [restartedMain] r$InitializeUserDetailsManagerConfigurer : Global AuthenticationManager configured with UserDetailsService bean with name users
2026-09-27T18:58:12.117+07:00 DEBUG 21100 --- [mycoolapp] [restartedMain] o.s.s.web.DefaultSecurityFilterChain     : Will secure any request with filters: DisableEncodeUrlFilter, WebAsyncManagerIntegrationFilter, SecurityContextHolderFilter, HeaderWriterFilter, LogoutFilter, UsernamePasswordAuthenticationFilter, BasicAuthenticationFilter, RequestCacheAwareFilter, SecurityContextHolderAwareRequestFilter, AnonymousAuthenticationFilter, ExceptionTranslationFilter, AuthorizationFilter
2026-09-27T18:58:12.335+07:00  INFO 21100 --- [mycoolapp] [restartedMain] c.m.s.d.mycoolapp.MycoolappApplication   : Started MycoolappApplication in 1.1 seconds (process running for 12329.975)
2026-09-27T18:58:12.336+07:00  WARN 21100 --- [mycoolapp] [restartedMain] o.s.core.events.SpringDocAppInitializer  : SpringDoc /my-api-docs endpoint is enabled by default. To disable it in production, set the property 'springdoc.api-docs.enabled=false'
2026-09-27T18:58:12.336+07:00  WARN 21100 --- [mycoolapp] [restartedMain] o.s.core.events.SpringDocAppInitializer  : SpringDoc /my-ui.html endpoint is enabled by default. To disable it in production, set the property 'springdoc.swagger-ui.enabled=false'
2026-09-27T18:58:30.078+07:00  INFO 21100 --- [mycoolapp] [restartedMain] c.m.s.d.mycoolapp.MycoolappApplication   : Starting MycoolappApplication using Java 27 with PID 21100 (C:\Project\mycoolapp\target\classes started by HP in C:\Project\mycoolapp)
2026-09-27T18:58:30.078+07:00 DEBUG 21100 --- [mycoolapp] [restartedMain] c.m.s.d.mycoolapp.MycoolappApplication   : Running with Spring Boot v4.1.1, Spring v7.0.9
2026-09-27T18:58:30.078+07:00  INFO 21100 --- [mycoolapp] [restartedMain] c.m.s.d.mycoolapp.MycoolappApplication   : No active profile set, falling back to 1 default profile: "default"
2026-09-27T18:58:30.696+07:00  INFO 21100 --- [mycoolapp] [restartedMain] o.s.s.p.JdbcUserDetailsManager           : No authentication manager set. Reauthentication of users when changing passwords will not be performed.
2026-09-27T18:58:30.842+07:00  WARN 21100 --- [mycoolapp] [restartedMain] JpaBaseConfiguration$JpaWebConfiguration : spring.jpa.open-in-view is enabled by default. Therefore, database queries may be performed during view rendering. Explicitly configure spring.jpa.open-in-view to disable this warning
2026-09-27T18:58:30.877+07:00  INFO 21100 --- [mycoolapp] [restartedMain] r$InitializeUserDetailsManagerConfigurer : Global AuthenticationManager configured with UserDetailsService bean with name users
2026-09-27T18:58:30.955+07:00 DEBUG 21100 --- [mycoolapp] [restartedMain] o.s.s.web.DefaultSecurityFilterChain     : Will secure any request with filters: DisableEncodeUrlFilter, WebAsyncManagerIntegrationFilter, SecurityContextHolderFilter, HeaderWriterFilter, LogoutFilter, UsernamePasswordAuthenticationFilter, BasicAuthenticationFilter, RequestCacheAwareFilter, SecurityContextHolderAwareRequestFilter, AnonymousAuthenticationFilter, ExceptionTranslationFilter, AuthorizationFilter
2026-09-27T18:58:31.354+07:00  INFO 21100 --- [mycoolapp] [restartedMain] c.m.s.d.mycoolapp.MycoolappApplication   : Started MycoolappApplication in 1.295 seconds (process running for 12348.994)
2026-09-27T18:58:31.361+07:00  WARN 21100 --- [mycoolapp] [restartedMain] o.s.core.events.SpringDocAppInitializer  : SpringDoc /my-api-docs endpoint is enabled by default. To disable it in production, set the property 'springdoc.api-docs.enabled=false'
2026-09-27T18:58:31.361+07:00  WARN 21100 --- [mycoolapp] [restartedMain] o.s.core.events.SpringDocAppInitializer  : SpringDoc /my-ui.html endpoint is enabled by default. To disable it in production, set the property 'springdoc.swagger-ui.enabled=false'
2026-09-27T18:59:29.674+07:00 DEBUG 21100 --- [mycoolapp] [http-nio-8484-exec-1] o.s.security.web.FilterChainProxy        : Securing GET /employees/add-employee
2026-09-27T18:59:29.675+07:00 DEBUG 21100 --- [mycoolapp] [http-nio-8484-exec-1] w.c.HttpSessionSecurityContextRepository : Retrieved SecurityContextImpl [Authentication=UsernamePasswordAuthenticationToken [Principal=org.springframework.security.core.userdetails.User [Username=icad, Password=[PROTECTED], Enabled=true, AccountNonExpired=true, CredentialsNonExpired=true, AccountNonLocked=true, Granted Authorities=[ROLE_MANAGER]], Credentials=[PROTECTED], Authenticated=true, Details=WebAuthenticationDetails [RemoteIpAddress=0:0:0:0:0:0:0:1, SessionId=C7D25F313BD1A5B2C9E7D3D34BCB4B1D], Granted Authorities=[ROLE_MANAGER, FactorGrantedAuthority [authority=FACTOR_PASSWORD, issuedAt=2026-09-27T11:39:06.258248100Z]]]]
2026-09-27T18:59:29.675+07:00 DEBUG 21100 --- [mycoolapp] [http-nio-8484-exec-1] o.s.security.web.FilterChainProxy        : Secured GET /employees/add-employee
2026-09-27T18:59:29.813+07:00 DEBUG 21100 --- [mycoolapp] [http-nio-8484-exec-2] o.s.security.web.FilterChainProxy        : Securing GET /favicon.ico
2026-09-27T18:59:29.814+07:00 DEBUG 21100 --- [mycoolapp] [http-nio-8484-exec-2] w.c.HttpSessionSecurityContextRepository : Retrieved SecurityContextImpl [Authentication=UsernamePasswordAuthenticationToken [Principal=org.springframework.security.core.userdetails.User [Username=icad, Password=[PROTECTED], Enabled=true, AccountNonExpired=true, CredentialsNonExpired=true, AccountNonLocked=true, Granted Authorities=[ROLE_MANAGER]], Credentials=[PROTECTED], Authenticated=true, Details=WebAuthenticationDetails [RemoteIpAddress=0:0:0:0:0:0:0:1, SessionId=C7D25F313BD1A5B2C9E7D3D34BCB4B1D], Granted Authorities=[ROLE_MANAGER, FactorGrantedAuthority [authority=FACTOR_PASSWORD, issuedAt=2026-09-27T11:39:06.258248100Z]]]]
2026-09-27T18:59:29.814+07:00 DEBUG 21100 --- [mycoolapp] [http-nio-8484-exec-2] o.s.security.web.FilterChainProxy        : Secured GET /favicon.ico
2026-09-27T18:59:29.821+07:00  WARN 21100 --- [mycoolapp] [http-nio-8484-exec-2] .m.m.a.ExceptionHandlerExceptionResolver : Resolved [org.springframework.web.servlet.resource.NoResourceFoundException: No static resource favicon.ico for request '/favicon.ico'.]
2026-09-27T18:59:31.740+07:00  INFO 21100 --- [mycoolapp] [restartedMain] c.m.s.d.mycoolapp.MycoolappApplication   : Starting MycoolappApplication using Java 27 with PID 21100 (C:\Project\mycoolapp\target\classes started by HP in C:\Project\mycoolapp)
2026-09-27T18:59:31.740+07:00 DEBUG 21100 --- [mycoolapp] [restartedMain] c.m.s.d.mycoolapp.MycoolappApplication   : Running with Spring Boot v4.1.1, Spring v7.0.9
2026-09-27T18:59:31.740+07:00  INFO 21100 --- [mycoolapp] [restartedMain] c.m.s.d.mycoolapp.MycoolappApplication   : No active profile set, falling back to 1 default profile: "default"
2026-09-27T18:59:32.974+07:00  INFO 21100 --- [mycoolapp] [restartedMain] c.m.s.d.mycoolapp.MycoolappApplication   : Started MycoolappApplication in 1.251 seconds (process running for 12410.613)
2026-09-27T18:59:45.840+07:00 DEBUG 21100 --- [mycoolapp] [http-nio-8484-exec-1] c.m.s.d.mycoolapp.aspect.LoggingAspect   : 1790510385840 Saving data ... 
2026-09-27T19:01:14.644+07:00  INFO 21100 --- [mycoolapp] [restartedMain] c.m.s.d.mycoolapp.MycoolappApplication   : Starting MycoolappApplication using Java 27 with PID 21100 (C:\Project\mycoolapp\target\classes started by HP in C:\Project\mycoolapp)
2026-09-27T19:01:14.644+07:00 DEBUG 21100 --- [mycoolapp] [restartedMain] c.m.s.d.mycoolapp.MycoolappApplication   : Running with Spring Boot v4.1.1, Spring v7.0.9
2026-09-27T19:01:14.644+07:00  INFO 21100 --- [mycoolapp] [restartedMain] c.m.s.d.mycoolapp.MycoolappApplication   : No active profile set, falling back to 1 default profile: "default"
2026-09-27T19:01:15.453+07:00  WARN 21100 --- [mycoolapp] [restartedMain] JpaBaseConfiguration$JpaWebConfiguration : spring.jpa.open-in-view is enabled by default. Therefore, database queries may be performed during view rendering. Explicitly configure spring.jpa.open-in-view to disable this warning
2026-09-27T19:01:15.757+07:00  INFO 21100 --- [mycoolapp] [restartedMain] c.m.s.d.mycoolapp.MycoolappApplication   : Started MycoolappApplication in 1.135 seconds (process running for 12513.397)
2026-09-27T19:01:15.758+07:00  WARN 21100 --- [mycoolapp] [restartedMain] o.s.core.events.SpringDocAppInitializer  : SpringDoc /my-api-docs endpoint is enabled by default. To disable it in production, set the property 'springdoc.api-docs.enabled=false'
2026-09-27T19:01:15.758+07:00  WARN 21100 --- [mycoolapp] [restartedMain] o.s.core.events.SpringDocAppInitializer  : SpringDoc /my-ui.html endpoint is enabled by default. To disable it in production, set the property 'springdoc.swagger-ui.enabled=false'
2026-09-27T19:01:27.345+07:00  INFO 21100 --- [mycoolapp] [restartedMain] c.m.s.d.mycoolapp.MycoolappApplication   : Starting MycoolappApplication using Java 27 with PID 21100 (C:\Project\mycoolapp\target\classes started by HP in C:\Project\mycoolapp)
2026-09-27T19:01:27.345+07:00 DEBUG 21100 --- [mycoolapp] [restartedMain] c.m.s.d.mycoolapp.MycoolappApplication   : Running with Spring Boot v4.1.1, Spring v7.0.9
2026-09-27T19:01:27.345+07:00  INFO 21100 --- [mycoolapp] [restartedMain] c.m.s.d.mycoolapp.MycoolappApplication   : No active profile set, falling back to 1 default profile: "default"
2026-09-27T19:01:28.021+07:00  WARN 21100 --- [mycoolapp] [restartedMain] JpaBaseConfiguration$JpaWebConfiguration : spring.jpa.open-in-view is enabled by default. Therefore, database queries may be performed during view rendering. Explicitly configure spring.jpa.open-in-view to disable this warning
2026-09-27T19:01:28.327+07:00  INFO 21100 --- [mycoolapp] [restartedMain] c.m.s.d.mycoolapp.MycoolappApplication   : Started MycoolappApplication in 1.0 seconds (process running for 12525.967)
2026-09-27T19:01:28.328+07:00  WARN 21100 --- [mycoolapp] [restartedMain] o.s.core.events.SpringDocAppInitializer  : SpringDoc /my-api-docs endpoint is enabled by default. To disable it in production, set the property 'springdoc.api-docs.enabled=false'
2026-09-27T19:01:28.328+07:00  WARN 21100 --- [mycoolapp] [restartedMain] o.s.core.events.SpringDocAppInitializer  : SpringDoc /my-ui.html endpoint is enabled by default. To disable it in production, set the property 'springdoc.swagger-ui.enabled=false'
